\BOOKMARK [1][-]{section.1}{\376\377\000I\000n\000t\000r\000o\000d\000u\000c\000t\000i\000o\000n}{}% 1
\BOOKMARK [2][-]{subsection.1.1}{\376\377\000P\000u\000r\000p\000o\000s\000e\000\040\000o\000f\000\040\000t\000h\000i\000s\000\040\000D\000o\000c\000u\000m\000e\000n\000t}{section.1}% 2
\BOOKMARK [2][-]{subsection.1.2}{\376\377\000S\000y\000s\000t\000e\000m\000\040\000O\000v\000e\000r\000v\000i\000e\000w}{section.1}% 3
\BOOKMARK [2][-]{subsection.1.3}{\376\377\000M\000a\000i\000n\000\040\000F\000u\000n\000c\000t\000i\000o\000n\000a\000l\000\040\000A\000r\000e\000a\000s}{section.1}% 4
\BOOKMARK [2][-]{subsection.1.4}{\376\377\000I\000m\000p\000o\000r\000t\000a\000n\000t\000\040\000I\000m\000p\000l\000e\000m\000e\000n\000t\000a\000t\000i\000o\000n\000\040\000N\000o\000t\000e}{section.1}% 5
\BOOKMARK [1][-]{section.2}{\376\377\000T\000e\000c\000h\000n\000o\000l\000o\000g\000y\000\040\000S\000t\000a\000c\000k}{}% 6
\BOOKMARK [2][-]{subsection.2.1}{\376\377\000B\000a\000c\000k\000e\000n\000d}{section.2}% 7
\BOOKMARK [2][-]{subsection.2.2}{\376\377\000F\000r\000o\000n\000t\000e\000n\000d}{section.2}% 8
\BOOKMARK [2][-]{subsection.2.3}{\376\377\000D\000a\000t\000a\000b\000a\000s\000e}{section.2}% 9
\BOOKMARK [2][-]{subsection.2.4}{\376\377\000D\000o\000c\000k\000e\000r}{section.2}% 10
\BOOKMARK [1][-]{section.3}{\376\377\000S\000y\000s\000t\000e\000m\000\040\000A\000r\000c\000h\000i\000t\000e\000c\000t\000u\000r\000e}{}% 11
\BOOKMARK [2][-]{subsection.3.1}{\376\377\000A\000r\000c\000h\000i\000t\000e\000c\000t\000u\000r\000e\000\040\000O\000v\000e\000r\000v\000i\000e\000w}{section.3}% 12
\BOOKMARK [2][-]{subsection.3.2}{\376\377\000F\000r\000o\000n\000t\000e\000n\000d\000\040\000L\000a\000y\000e\000r}{section.3}% 13
\BOOKMARK [2][-]{subsection.3.3}{\376\377\000B\000a\000c\000k\000e\000n\000d\000\040\000L\000a\000y\000e\000r}{section.3}% 14
\BOOKMARK [2][-]{subsection.3.4}{\376\377\000D\000a\000t\000a\000b\000a\000s\000e\000\040\000L\000a\000y\000e\000r}{section.3}% 15
\BOOKMARK [1][-]{section.4}{\376\377\000P\000r\000o\000j\000e\000c\000t\000\040\000S\000t\000r\000u\000c\000t\000u\000r\000e}{}% 16
\BOOKMARK [2][-]{subsection.4.1}{\376\377\000B\000a\000c\000k\000e\000n\000d\000\040\000M\000o\000d\000u\000l\000e\000s}{section.4}% 17
\BOOKMARK [3][-]{subsubsection.4.1.1}{\376\377\000m\000a\000i\000n\000.\000p\000y}{subsection.4.1}% 18
\BOOKMARK [3][-]{subsubsection.4.1.2}{\376\377\000d\000a\000t\000a\000b\000a\000s\000e\000.\000p\000y}{subsection.4.1}% 19
\BOOKMARK [3][-]{subsubsection.4.1.3}{\376\377\000a\000u\000t\000h\000.\000p\000y}{subsection.4.1}% 20
\BOOKMARK [3][-]{subsubsection.4.1.4}{\376\377\000m\000o\000d\000e\000l\000s\000/}{subsection.4.1}% 21
\BOOKMARK [3][-]{subsubsection.4.1.5}{\376\377\000s\000c\000h\000e\000m\000a\000s\000/}{subsection.4.1}% 22
\BOOKMARK [3][-]{subsubsection.4.1.6}{\376\377\000r\000o\000u\000t\000e\000s\000/}{subsection.4.1}% 23
\BOOKMARK [1][-]{section.5}{\376\377\000I\000n\000s\000t\000a\000l\000l\000a\000t\000i\000o\000n\000\040\000a\000n\000d\000\040\000C\000o\000n\000f\000i\000g\000u\000r\000a\000t\000i\000o\000n}{}% 24
\BOOKMARK [2][-]{subsection.5.1}{\376\377\000P\000r\000e\000r\000e\000q\000u\000i\000s\000i\000t\000e\000s}{section.5}% 25
\BOOKMARK [2][-]{subsection.5.2}{\376\377\000B\000a\000c\000k\000e\000n\000d\000\040\000V\000i\000r\000t\000u\000a\000l\000\040\000E\000n\000v\000i\000r\000o\000n\000m\000e\000n\000t}{section.5}% 26
\BOOKMARK [2][-]{subsection.5.3}{\376\377\000D\000a\000t\000a\000b\000a\000s\000e\000\040\000C\000o\000n\000f\000i\000g\000u\000r\000a\000t\000i\000o\000n}{section.5}% 27
\BOOKMARK [2][-]{subsection.5.4}{\376\377\000D\000a\000t\000a\000b\000a\000s\000e\000\040\000I\000n\000i\000t\000i\000a\000l\000i\000z\000a\000t\000i\000o\000n}{section.5}% 28
\BOOKMARK [1][-]{section.6}{\376\377\000D\000o\000c\000k\000e\000r\000\040\000a\000n\000d\000\040\000D\000e\000p\000l\000o\000y\000m\000e\000n\000t}{}% 29
\BOOKMARK [2][-]{subsection.6.1}{\376\377\000B\000a\000c\000k\000e\000n\000d\000\040\000I\000m\000a\000g\000e}{section.6}% 30
\BOOKMARK [2][-]{subsection.6.2}{\376\377\000S\000t\000a\000r\000t\000i\000n\000g\000\040\000D\000o\000c\000k\000e\000r\000\040\000C\000o\000m\000p\000o\000s\000e}{section.6}% 31
\BOOKMARK [2][-]{subsection.6.3}{\376\377\000C\000u\000r\000r\000e\000n\000t\000\040\000C\000o\000m\000p\000o\000s\000e\000\040\000L\000i\000m\000i\000t\000a\000t\000i\000o\000n}{section.6}% 32
\BOOKMARK [1][-]{section.7}{\376\377\000D\000a\000t\000a\000b\000a\000s\000e\000\040\000D\000e\000s\000i\000g\000n}{}% 33
\BOOKMARK [2][-]{subsection.7.1}{\376\377\000D\000a\000t\000a\000b\000a\000s\000e\000\040\000O\000v\000e\000r\000v\000i\000e\000w}{section.7}% 34
\BOOKMARK [2][-]{subsection.7.2}{\376\377\000E\000n\000t\000i\000t\000y\000\040\000R\000e\000l\000a\000t\000i\000o\000n\000s\000h\000i\000p\000\040\000D\000i\000a\000g\000r\000a\000m}{section.7}% 35
\BOOKMARK [2][-]{subsection.7.3}{\376\377\000U\000s\000e\000r\000s\000\040\000T\000a\000b\000l\000e}{section.7}% 36
\BOOKMARK [2][-]{subsection.7.4}{\376\377\000T\000o\000u\000r\000n\000a\000m\000e\000n\000t\000s\000\040\000T\000a\000b\000l\000e}{section.7}% 37
\BOOKMARK [2][-]{subsection.7.5}{\376\377\000T\000e\000a\000m\000s\000\040\000T\000a\000b\000l\000e}{section.7}% 38
\BOOKMARK [2][-]{subsection.7.6}{\376\377\000P\000l\000a\000y\000e\000r\000s\000\040\000T\000a\000b\000l\000e}{section.7}% 39
\BOOKMARK [2][-]{subsection.7.7}{\376\377\000M\000a\000t\000c\000h\000e\000s\000\040\000T\000a\000b\000l\000e}{section.7}% 40
\BOOKMARK [2][-]{subsection.7.8}{\376\377\000T\000e\000a\000m\000/\000T\000o\000u\000r\000n\000a\000m\000e\000n\000t\000\040\000A\000s\000s\000o\000c\000i\000a\000t\000i\000o\000n}{section.7}% 41
\BOOKMARK [1][-]{section.8}{\376\377\000R\000E\000S\000T\000\040\000A\000P\000I}{}% 42
\BOOKMARK [2][-]{subsection.8.1}{\376\377\000B\000a\000s\000e\000\040\000U\000R\000L}{section.8}% 43
\BOOKMARK [2][-]{subsection.8.2}{\376\377\000H\000e\000a\000l\000t\000h\000\040\000E\000n\000d\000p\000o\000i\000n\000t}{section.8}% 44
\BOOKMARK [2][-]{subsection.8.3}{\376\377\000T\000o\000u\000r\000n\000a\000m\000e\000n\000t\000\040\000E\000n\000d\000p\000o\000i\000n\000t\000s}{section.8}% 45
\BOOKMARK [2][-]{subsection.8.4}{\376\377\000T\000e\000a\000m\000\040\000E\000n\000d\000p\000o\000i\000n\000t\000s}{section.8}% 46
\BOOKMARK [2][-]{subsection.8.5}{\376\377\000M\000a\000t\000c\000h\000\040\000E\000n\000d\000p\000o\000i\000n\000t\000s}{section.8}% 47
\BOOKMARK [2][-]{subsection.8.6}{\376\377\000R\000a\000n\000k\000i\000n\000g\000\040\000E\000n\000d\000p\000o\000i\000n\000t}{section.8}% 48
\BOOKMARK [1][-]{section.9}{\376\377\000F\000r\000o\000n\000t\000e\000n\000d\000\040\000A\000P\000I\000\040\000C\000l\000i\000e\000n\000t}{}% 49
\BOOKMARK [2][-]{subsection.9.1}{\376\377\000a\000p\000i\000.\000p\000y}{section.9}% 50
\BOOKMARK [1][-]{section.10}{\376\377\000B\000a\000c\000k\000e\000n\000d\000\040\000I\000m\000p\000l\000e\000m\000e\000n\000t\000a\000t\000i\000o\000n}{}% 51
\BOOKMARK [2][-]{subsection.10.1}{\376\377\000A\000p\000p\000l\000i\000c\000a\000t\000i\000o\000n\000\040\000E\000n\000t\000r\000y\000\040\000P\000o\000i\000n\000t}{section.10}% 52
\BOOKMARK [2][-]{subsection.10.2}{\376\377\000D\000a\000t\000a\000b\000a\000s\000e\000\040\000S\000e\000s\000s\000i\000o\000n}{section.10}% 53
\BOOKMARK [2][-]{subsection.10.3}{\376\377\000P\000y\000d\000a\000n\000t\000i\000c\000\040\000S\000c\000h\000e\000m\000a\000s}{section.10}% 54
\BOOKMARK [1][-]{section.11}{\376\377\000F\000r\000o\000n\000t\000e\000n\000d\000\040\000A\000r\000c\000h\000i\000t\000e\000c\000t\000u\000r\000e}{}% 55
\BOOKMARK [2][-]{subsection.11.1}{\376\377\000C\000o\000n\000n\000e\000c\000t\000i\000o\000n\000\040\000D\000i\000a\000l\000o\000g}{section.11}% 56
\BOOKMARK [2][-]{subsection.11.2}{\376\377\000D\000a\000s\000h\000b\000o\000a\000r\000d}{section.11}% 57
\BOOKMARK [2][-]{subsection.11.3}{\376\377\000M\000a\000i\000n\000\040\000A\000p\000p\000l\000i\000c\000a\000t\000i\000o\000n}{section.11}% 58
\BOOKMARK [1][-]{section.12}{\376\377\000B\000u\000s\000i\000n\000e\000s\000s\000\040\000L\000o\000g\000i\000c}{}% 59
\BOOKMARK [2][-]{subsection.12.1}{\376\377\000T\000o\000u\000r\000n\000a\000m\000e\000n\000t}{section.12}% 60
\BOOKMARK [2][-]{subsection.12.2}{\376\377\000M\000a\000t\000c\000h}{section.12}% 61
\BOOKMARK [2][-]{subsection.12.3}{\376\377\000S\000c\000o\000r\000e}{section.12}% 62
\BOOKMARK [2][-]{subsection.12.4}{\376\377\000S\000t\000a\000n\000d\000i\000n\000g\000s}{section.12}% 63
\BOOKMARK [1][-]{section.13}{\376\377\000A\000u\000t\000h\000e\000n\000t\000i\000c\000a\000t\000i\000o\000n\000\040\000a\000n\000d\000\040\000A\000u\000t\000h\000o\000r\000i\000z\000a\000t\000i\000o\000n}{}% 64
\BOOKMARK [2][-]{subsection.13.1}{\376\377\000T\000o\000k\000e\000n\000\040\000V\000e\000r\000i\000f\000i\000c\000a\000t\000i\000o\000n}{section.13}% 65
\BOOKMARK [2][-]{subsection.13.2}{\376\377\000C\000u\000r\000r\000e\000n\000t\000\040\000I\000n\000t\000e\000g\000r\000a\000t\000i\000o\000n\000\040\000S\000t\000a\000t\000u\000s}{section.13}% 66
\BOOKMARK [2][-]{subsection.13.3}{\376\377\000R\000e\000c\000o\000m\000m\000e\000n\000d\000e\000d\000\040\000A\000u\000t\000h\000o\000r\000i\000z\000a\000t\000i\000o\000n\000\040\000M\000o\000d\000e\000l}{section.13}% 67
\BOOKMARK [1][-]{section.14}{\376\377\000E\000r\000r\000o\000r\000\040\000H\000a\000n\000d\000l\000i\000n\000g}{}% 68
\BOOKMARK [1][-]{section.15}{\376\377\000D\000a\000t\000a\000b\000a\000s\000e\000\040\000I\000n\000t\000e\000g\000r\000i\000t\000y}{}% 69
\BOOKMARK [2][-]{subsection.15.1}{\376\377\000P\000r\000i\000m\000a\000r\000y\000\040\000K\000e\000y\000s}{section.15}% 70
\BOOKMARK [2][-]{subsection.15.2}{\376\377\000U\000n\000i\000q\000u\000e\000\040\000C\000o\000n\000s\000t\000r\000a\000i\000n\000t\000s}{section.15}% 71
\BOOKMARK [2][-]{subsection.15.3}{\376\377\000F\000o\000r\000e\000i\000g\000n\000\040\000K\000e\000y\000s}{section.15}% 72
\BOOKMARK [2][-]{subsection.15.4}{\376\377\000M\000a\000t\000c\000h\000\040\000I\000n\000t\000e\000g\000r\000i\000t\000y}{section.15}% 73
\BOOKMARK [1][-]{section.16}{\376\377\000T\000e\000s\000t\000i\000n\000g}{}% 74
\BOOKMARK [2][-]{subsection.16.1}{\376\377\000C\000u\000r\000r\000e\000n\000t\000\040\000T\000e\000s\000t\000i\000n\000g\000\040\000S\000t\000a\000t\000u\000s}{section.16}% 75
\BOOKMARK [2][-]{subsection.16.2}{\376\377\000R\000e\000c\000o\000m\000m\000e\000n\000d\000e\000d\000\040\000U\000n\000i\000t\000\040\000T\000e\000s\000t\000s}{section.16}% 76
\BOOKMARK [2][-]{subsection.16.3}{\376\377\000A\000P\000I\000\040\000T\000e\000s\000t\000s}{section.16}% 77
\BOOKMARK [2][-]{subsection.16.4}{\376\377\000D\000a\000t\000a\000b\000a\000s\000e\000\040\000T\000e\000s\000t\000s}{section.16}% 78
\BOOKMARK [1][-]{section.17}{\376\377\000D\000e\000v\000e\000l\000o\000p\000m\000e\000n\000t\000\040\000W\000o\000r\000k\000f\000l\000o\000w}{}% 79
\BOOKMARK [1][-]{section.18}{\376\377\000T\000r\000o\000u\000b\000l\000e\000s\000h\000o\000o\000t\000i\000n\000g}{}% 80
\BOOKMARK [2][-]{subsection.18.1}{\376\377\000B\000a\000c\000k\000e\000n\000d\000\040\000D\000o\000e\000s\000\040\000N\000o\000t\000\040\000S\000t\000a\000r\000t}{section.18}% 81
\BOOKMARK [2][-]{subsection.18.2}{\376\377\000D\000a\000t\000a\000b\000a\000s\000e\000\040\000C\000o\000n\000n\000e\000c\000t\000i\000o\000n\000\040\000F\000a\000i\000l\000s}{section.18}% 82
\BOOKMARK [2][-]{subsection.18.3}{\376\377\000F\000r\000o\000n\000t\000e\000n\000d\000\040\000C\000a\000n\000n\000o\000t\000\040\000C\000o\000n\000n\000e\000c\000t}{section.18}% 83
\BOOKMARK [2][-]{subsection.18.4}{\376\377\000A\000u\000t\000h\000e\000n\000t\000i\000c\000a\000t\000i\000o\000n\000\040\000F\000a\000i\000l\000s}{section.18}% 84
\BOOKMARK [1][-]{section.19}{\376\377\000K\000n\000o\000w\000n\000\040\000I\000s\000s\000u\000e\000s\000\040\000a\000n\000d\000\040\000T\000e\000c\000h\000n\000i\000c\000a\000l\000\040\000D\000e\000b\000t}{}% 85
\BOOKMARK [2][-]{subsection.19.1}{\376\377\000A\000u\000t\000h\000e\000n\000t\000i\000c\000a\000t\000i\000o\000n\000\040\000H\000e\000a\000d\000e\000r\000\040\000I\000n\000c\000o\000n\000s\000i\000s\000t\000e\000n\000c\000y}{section.19}% 86
\BOOKMARK [2][-]{subsection.19.2}{\376\377\000A\000u\000t\000h\000e\000n\000t\000i\000c\000a\000t\000i\000o\000n\000\040\000D\000e\000p\000e\000n\000d\000e\000n\000c\000y\000\040\000N\000o\000t\000\040\000A\000t\000t\000a\000c\000h\000e\000d}{section.19}% 87
\BOOKMARK [2][-]{subsection.19.3}{\376\377\000R\000a\000n\000k\000i\000n\000g\000\040\000E\000n\000d\000p\000o\000i\000n\000t\000\040\000M\000i\000s\000s\000i\000n\000g}{section.19}% 88
\BOOKMARK [2][-]{subsection.19.4}{\376\377\000F\000r\000o\000n\000t\000e\000n\000d\000\040\000R\000a\000n\000k\000i\000n\000g\000\040\000F\000u\000n\000c\000t\000i\000o\000n\000\040\000N\000a\000m\000e}{section.19}% 89
\BOOKMARK [2][-]{subsection.19.5}{\376\377\000D\000u\000p\000l\000i\000c\000a\000t\000e\000\040\000A\000P\000I\000\040\000F\000u\000n\000c\000t\000i\000o\000n}{section.19}% 90
\BOOKMARK [2][-]{subsection.19.6}{\376\377\000S\000e\000e\000d\000\040\000R\000o\000l\000e\000\040\000I\000n\000c\000o\000n\000s\000i\000s\000t\000e\000n\000c\000y}{section.19}% 91
\BOOKMARK [2][-]{subsection.19.7}{\376\377\000D\000o\000c\000k\000e\000r\000\040\000C\000o\000m\000p\000o\000s\000e\000\040\000D\000a\000t\000a\000b\000a\000s\000e}{section.19}% 92
\BOOKMARK [2][-]{subsection.19.8}{\376\377\000S\000e\000c\000r\000e\000t\000s}{section.19}% 93
\BOOKMARK [1][-]{section.20}{\376\377\000E\000x\000t\000e\000n\000d\000i\000n\000g\000\040\000t\000h\000e\000\040\000A\000p\000p\000l\000i\000c\000a\000t\000i\000o\000n}{}% 94
\BOOKMARK [2][-]{subsection.20.1}{\376\377\000A\000d\000d\000i\000n\000g\000\040\000a\000\040\000N\000e\000w\000\040\000F\000e\000a\000t\000u\000r\000e}{section.20}% 95
\BOOKMARK [1][-]{section.21}{\376\377\000D\000e\000p\000l\000o\000y\000m\000e\000n\000t}{}% 96
\BOOKMARK [2][-]{subsection.21.1}{\376\377\000D\000e\000v\000e\000l\000o\000p\000m\000e\000n\000t\000\040\000E\000n\000v\000i\000r\000o\000n\000m\000e\000n\000t}{section.21}% 97
\BOOKMARK [2][-]{subsection.21.2}{\376\377\000P\000r\000o\000d\000u\000c\000t\000i\000o\000n\000\040\000C\000o\000n\000s\000i\000d\000e\000r\000a\000t\000i\000o\000n\000s}{section.21}% 98
\BOOKMARK [1][-]{section.22}{\376\377\000A\000p\000p\000e\000n\000d\000i\000x}{}% 99
\BOOKMARK [2][-]{subsection.22.1}{\376\377\000U\000s\000e\000f\000u\000l\000\040\000C\000o\000m\000m\000a\000n\000d\000s}{section.22}% 100
\BOOKMARK [2][-]{subsection.22.2}{\376\377\000D\000e\000f\000a\000u\000l\000t\000\040\000D\000e\000v\000e\000l\000o\000p\000m\000e\000n\000t\000\040\000C\000o\000n\000f\000i\000g\000u\000r\000a\000t\000i\000o\000n}{section.22}% 101
\BOOKMARK [2][-]{subsection.22.3}{\376\377\000C\000o\000m\000p\000i\000l\000i\000n\000g\000\040\000t\000h\000i\000s\000\040\000M\000a\000n\000u\000a\000l}{section.22}% 102
