\BOOKMARK [1][-]{section.1}{\376\377\000P\000u\000r\000p\000o\000s\000e\000\040\000a\000n\000d\000\040\000S\000c\000o\000p\000e}{}% 1
\BOOKMARK [2][-]{subsection.1.1}{\376\377\000F\000u\000n\000c\000t\000i\000o\000n\000a\000l\000\040\000S\000c\000o\000p\000e}{section.1}% 2
\BOOKMARK [1][-]{section.2}{\376\377\000T\000e\000c\000h\000n\000o\000l\000o\000g\000y\000\040\000S\000t\000a\000c\000k}{}% 3
\BOOKMARK [1][-]{section.3}{\376\377\000S\000y\000s\000t\000e\000m\000\040\000A\000r\000c\000h\000i\000t\000e\000c\000t\000u\000r\000e}{}% 4
\BOOKMARK [2][-]{subsection.3.1}{\376\377\000F\000r\000o\000n\000t\000e\000n\000d\000\040\000L\000a\000y\000e\000r}{section.3}% 5
\BOOKMARK [2][-]{subsection.3.2}{\376\377\000B\000a\000c\000k\000e\000n\000d\000\040\000L\000a\000y\000e\000r}{section.3}% 6
\BOOKMARK [2][-]{subsection.3.3}{\376\377\000D\000a\000t\000a\000b\000a\000s\000e\000\040\000L\000a\000y\000e\000r}{section.3}% 7
\BOOKMARK [1][-]{section.4}{\376\377\000R\000e\000p\000o\000s\000i\000t\000o\000r\000y\000\040\000S\000t\000r\000u\000c\000t\000u\000r\000e}{}% 8
\BOOKMARK [2][-]{subsection.4.1}{\376\377\000B\000a\000c\000k\000e\000n\000d\000\040\000M\000o\000d\000u\000l\000e\000s}{section.4}% 9
\BOOKMARK [2][-]{subsection.4.2}{\376\377\000F\000r\000o\000n\000t\000e\000n\000d\000\040\000M\000o\000d\000u\000l\000e\000s}{section.4}% 10
\BOOKMARK [1][-]{section.5}{\376\377\000D\000a\000t\000a\000b\000a\000s\000e\000\040\000D\000e\000s\000i\000g\000n}{}% 11
\BOOKMARK [2][-]{subsection.5.1}{\376\377\000T\000a\000b\000l\000e\000s}{section.5}% 12
\BOOKMARK [2][-]{subsection.5.2}{\376\377\000U\000s\000e\000r\000s\000\040\000T\000a\000b\000l\000e}{section.5}% 13
\BOOKMARK [2][-]{subsection.5.3}{\376\377\000T\000o\000u\000r\000n\000a\000m\000e\000n\000t\000s\000\040\000T\000a\000b\000l\000e}{section.5}% 14
\BOOKMARK [2][-]{subsection.5.4}{\376\377\000T\000e\000a\000m\000s\000\040\000T\000a\000b\000l\000e}{section.5}% 15
\BOOKMARK [2][-]{subsection.5.5}{\376\377\000P\000l\000a\000y\000e\000r\000s\000\040\000T\000a\000b\000l\000e}{section.5}% 16
\BOOKMARK [2][-]{subsection.5.6}{\376\377\000M\000a\000t\000c\000h\000e\000s\000\040\000T\000a\000b\000l\000e}{section.5}% 17
\BOOKMARK [2][-]{subsection.5.7}{\376\377\000T\000e\000a\000m\040\023\000T\000o\000u\000r\000n\000a\000m\000e\000n\000t\000\040\000A\000s\000s\000o\000c\000i\000a\000t\000i\000o\000n}{section.5}% 18
\BOOKMARK [2][-]{subsection.5.8}{\376\377\000I\000n\000d\000e\000x\000e\000s}{section.5}% 19
\BOOKMARK [1][-]{section.6}{\376\377\000B\000a\000c\000k\000e\000n\000d\000\040\000I\000m\000p\000l\000e\000m\000e\000n\000t\000a\000t\000i\000o\000n}{}% 20
\BOOKMARK [2][-]{subsection.6.1}{\376\377\000F\000a\000s\000t\000A\000P\000I\000\040\000A\000p\000p\000l\000i\000c\000a\000t\000i\000o\000n}{section.6}% 21
\BOOKMARK [2][-]{subsection.6.2}{\376\377\000D\000a\000t\000a\000b\000a\000s\000e\000\040\000A\000c\000c\000e\000s\000s}{section.6}% 22
\BOOKMARK [2][-]{subsection.6.3}{\376\377\000T\000o\000u\000r\000n\000a\000m\000e\000n\000t\000\040\000R\000o\000u\000t\000e\000s}{section.6}% 23
\BOOKMARK [2][-]{subsection.6.4}{\376\377\000T\000e\000a\000m\000\040\000R\000o\000u\000t\000e\000s}{section.6}% 24
\BOOKMARK [2][-]{subsection.6.5}{\376\377\000M\000a\000t\000c\000h\000\040\000R\000o\000u\000t\000e\000s}{section.6}% 25
\BOOKMARK [2][-]{subsection.6.6}{\376\377\000H\000e\000a\000l\000t\000h\000\040\000C\000h\000e\000c\000k}{section.6}% 26
\BOOKMARK [1][-]{section.7}{\376\377\000P\000y\000d\000a\000n\000t\000i\000c\000\040\000S\000c\000h\000e\000m\000a\000s}{}% 27
\BOOKMARK [1][-]{section.8}{\376\377\000A\000u\000t\000h\000e\000n\000t\000i\000c\000a\000t\000i\000o\000n\000\040\000a\000n\000d\000\040\000A\000u\000t\000h\000o\000r\000i\000z\000a\000t\000i\000o\000n}{}% 28
\BOOKMARK [2][-]{subsection.8.1}{\376\377\000C\000u\000r\000r\000e\000n\000t\000\040\000I\000n\000t\000e\000g\000r\000a\000t\000i\000o\000n\000\040\000S\000t\000a\000t\000u\000s}{section.8}% 29
\BOOKMARK [1][-]{section.9}{\376\377\000F\000r\000o\000n\000t\000e\000n\000d\000\040\000A\000r\000c\000h\000i\000t\000e\000c\000t\000u\000r\000e}{}% 30
\BOOKMARK [2][-]{subsection.9.1}{\376\377\000S\000t\000a\000r\000t\000u\000p}{section.9}% 31
\BOOKMARK [2][-]{subsection.9.2}{\376\377\000C\000o\000n\000n\000e\000c\000t\000i\000o\000n\000\040\000D\000i\000a\000l\000o\000g}{section.9}% 32
\BOOKMARK [2][-]{subsection.9.3}{\376\377\000D\000a\000s\000h\000b\000o\000a\000r\000d}{section.9}% 33
\BOOKMARK [2][-]{subsection.9.4}{\376\377\000M\000a\000t\000c\000h\000\040\000S\000c\000h\000e\000d\000u\000l\000i\000n\000g}{section.9}% 34
\BOOKMARK [2][-]{subsection.9.5}{\376\377\000S\000c\000o\000r\000e\000\040\000U\000p\000d\000a\000t\000e}{section.9}% 35
\BOOKMARK [1][-]{section.10}{\376\377\000F\000r\000o\000n\000t\000e\000n\000d\000\040\000A\000P\000I\000\040\000C\000l\000i\000e\000n\000t}{}% 36
\BOOKMARK [1][-]{section.11}{\376\377\000B\000u\000s\000i\000n\000e\000s\000s\000\040\000L\000o\000g\000i\000c}{}% 37
\BOOKMARK [2][-]{subsection.11.1}{\376\377\000M\000a\000t\000c\000h\000\040\000V\000a\000l\000i\000d\000a\000t\000i\000o\000n}{section.11}% 38
\BOOKMARK [2][-]{subsection.11.2}{\376\377\000S\000c\000o\000r\000e\000\040\000V\000a\000l\000i\000d\000a\000t\000i\000o\000n}{section.11}% 39
\BOOKMARK [2][-]{subsection.11.3}{\376\377\000T\000o\000u\000r\000n\000a\000m\000e\000n\000t\000\040\000D\000a\000t\000e\000s}{section.11}% 40
\BOOKMARK [2][-]{subsection.11.4}{\376\377\000S\000t\000a\000n\000d\000i\000n\000g\000s}{section.11}% 41
\BOOKMARK [1][-]{section.12}{\376\377\000R\000u\000n\000n\000i\000n\000g\000\040\000t\000h\000e\000\040\000A\000p\000p\000l\000i\000c\000a\000t\000i\000o\000n}{}% 42
\BOOKMARK [2][-]{subsection.12.1}{\376\377\000D\000o\000c\000k\000e\000r}{section.12}% 43
\BOOKMARK [2][-]{subsection.12.2}{\376\377\000B\000a\000c\000k\000e\000n\000d\000\040\000W\000i\000t\000h\000o\000u\000t\000\040\000D\000o\000c\000k\000e\000r}{section.12}% 44
\BOOKMARK [2][-]{subsection.12.3}{\376\377\000F\000r\000o\000n\000t\000e\000n\000d}{section.12}% 45
\BOOKMARK [1][-]{section.13}{\376\377\000D\000a\000t\000a\000b\000a\000s\000e\000\040\000I\000n\000i\000t\000i\000a\000l\000i\000z\000a\000t\000i\000o\000n}{}% 46
\BOOKMARK [2][-]{subsection.13.1}{\376\377\000S\000Q\000L\000\040\000I\000n\000i\000t\000i\000a\000l\000i\000z\000a\000t\000i\000o\000n}{section.13}% 47
\BOOKMARK [2][-]{subsection.13.2}{\376\377\000S\000e\000e\000d\000\040\000D\000a\000t\000a}{section.13}% 48
\BOOKMARK [2][-]{subsection.13.3}{\376\377\000P\000y\000t\000h\000o\000n\000\040\000S\000e\000e\000d\000\040\000S\000c\000r\000i\000p\000t}{section.13}% 49
\BOOKMARK [1][-]{section.14}{\376\377\000D\000e\000v\000e\000l\000o\000p\000m\000e\000n\000t\000\040\000W\000o\000r\000k\000f\000l\000o\000w}{}% 50
\BOOKMARK [1][-]{section.15}{\376\377\000T\000e\000s\000t\000i\000n\000g}{}% 51
\BOOKMARK [1][-]{section.16}{\376\377\000K\000n\000o\000w\000n\000\040\000I\000s\000s\000u\000e\000s\000\040\000a\000n\000d\000\040\000T\000e\000c\000h\000n\000i\000c\000a\000l\000\040\000D\000e\000b\000t}{}% 52
\BOOKMARK [2][-]{subsection.16.1}{\376\377\000D\000o\000c\000k\000e\000r\000\040\000C\000o\000m\000p\000o\000s\000e\000\040\000a\000n\000d\000\040\000P\000o\000s\000t\000g\000r\000e\000S\000Q\000L}{section.16}% 53
\BOOKMARK [2][-]{subsection.16.2}{\376\377\000D\000a\000t\000a\000b\000a\000s\000e\000\040\000C\000o\000n\000f\000i\000g\000u\000r\000a\000t\000i\000o\000n}{section.16}% 54
\BOOKMARK [2][-]{subsection.16.3}{\376\377\000A\000u\000t\000h\000e\000n\000t\000i\000c\000a\000t\000i\000o\000n\000\040\000H\000e\000a\000d\000e\000r}{section.16}% 55
\BOOKMARK [2][-]{subsection.16.4}{\376\377\000A\000u\000t\000h\000e\000n\000t\000i\000c\000a\000t\000i\000o\000n\000\040\000D\000e\000p\000e\000n\000d\000e\000n\000c\000y}{section.16}% 56
\BOOKMARK [2][-]{subsection.16.5}{\376\377\000R\000a\000n\000k\000i\000n\000g\000\040\000E\000n\000d\000p\000o\000i\000n\000t}{section.16}% 57
\BOOKMARK [2][-]{subsection.16.6}{\376\377\000D\000u\000p\000l\000i\000c\000a\000t\000e\000\040\000A\000P\000I\000\040\000C\000l\000i\000e\000n\000t\000\040\000F\000u\000n\000c\000t\000i\000o\000n}{section.16}% 58
\BOOKMARK [2][-]{subsection.16.7}{\376\377\000M\000o\000d\000e\000l\000\040\000a\000n\000d\000\040\000R\000o\000u\000t\000e\000\040\000N\000a\000m\000i\000n\000g}{section.16}% 59
\BOOKMARK [2][-]{subsection.16.8}{\376\377\000C\000r\000e\000d\000e\000n\000t\000i\000a\000l\000s}{section.16}% 60
\BOOKMARK [1][-]{section.17}{\376\377\000H\000o\000w\000\040\000t\000o\000\040\000E\000x\000t\000e\000n\000d\000\040\000t\000h\000e\000\040\000A\000p\000p\000l\000i\000c\000a\000t\000i\000o\000n}{}% 61
\BOOKMARK [1][-]{section.18}{\376\377\000M\000a\000i\000n\000t\000e\000n\000a\000n\000c\000e\000\040\000G\000u\000i\000d\000e\000l\000i\000n\000e\000s}{}% 62
\BOOKMARK [1][-]{section.19}{\376\377\000A\000p\000p\000e\000n\000d\000i\000x\000:\000\040\000U\000s\000e\000f\000u\000l\000\040\000C\000o\000m\000m\000a\000n\000d\000s}{}% 63
\BOOKMARK [2][-]{subsection.19.1}{\376\377\000F\000a\000s\000t\000A\000P\000I\000\040\000D\000o\000c\000u\000m\000e\000n\000t\000a\000t\000i\000o\000n}{section.19}% 64
